
  .   ____          _            __ _ _
 /\\ / ___'_ __ _ _(_)_ __  __ _ \ \ \ \
( ( )\___ | '_ | '_| | '_ \/ _` | \ \ \ \
 \\/  ___)| |_)| | | | | || (_| |  ) ) ) )
  '  |____| .__|_| |_|_| |_\__, | / / / /
 =========|_|==============|___/=/_/_/_/
 :: Spring Boot ::                (v3.2.2)

2026-01-22T12:17:31.869Z  INFO 14908 --- [           main] vendredi.soir.posu.PojaApplication       : Starting PojaApplication using Java 21.0.8 with PID 14908 (/app/build/libs/posu.jar started by jules in /app)
2026-01-22T12:17:31.873Z  INFO 14908 --- [           main] vendredi.soir.posu.PojaApplication       : No active profile set, falling back to 1 default profile: "default"
2026-01-22T12:17:33.290Z  INFO 14908 --- [           main] .s.d.r.c.RepositoryConfigurationDelegate : Bootstrapping Spring Data JPA repositories in DEFAULT mode.
2026-01-22T12:17:33.408Z  INFO 14908 --- [           main] .s.d.r.c.RepositoryConfigurationDelegate : Finished Spring Data repository scanning in 104 ms. Found 4 JPA repository interfaces.
2026-01-22T12:17:34.487Z  INFO 14908 --- [           main] o.s.b.w.embedded.tomcat.TomcatWebServer  : Tomcat initialized with port 8080 (http)
2026-01-22T12:17:34.517Z  INFO 14908 --- [           main] o.apache.catalina.core.StandardService   : Starting service [Tomcat]
2026-01-22T12:17:34.518Z  INFO 14908 --- [           main] o.apache.catalina.core.StandardEngine    : Starting Servlet engine: [Apache Tomcat/10.1.18]
2026-01-22T12:17:34.604Z  INFO 14908 --- [           main] o.a.c.c.C.[Tomcat].[localhost].[/]       : Initializing Spring embedded WebApplicationContext
2026-01-22T12:17:34.606Z  INFO 14908 --- [           main] w.s.c.ServletWebServerApplicationContext : Root WebApplicationContext: initialization completed in 2547 ms
2026-01-22T12:17:34.860Z  INFO 14908 --- [           main] com.zaxxer.hikari.HikariDataSource       : HikariPool-1 - Starting...
2026-01-22T12:17:35.617Z  INFO 14908 --- [           main] com.zaxxer.hikari.pool.HikariPool        : HikariPool-1 - Added connection org.postgresql.jdbc.PgConnection@7c1503a3
2026-01-22T12:17:35.620Z  INFO 14908 --- [           main] com.zaxxer.hikari.HikariDataSource       : HikariPool-1 - Start completed.
2026-01-22T12:17:35.803Z  INFO 14908 --- [           main] o.f.c.internal.license.VersionPrinter    : Flyway Community Edition 9.22.3 by Redgate
2026-01-22T12:17:35.804Z  INFO 14908 --- [           main] o.f.c.internal.license.VersionPrinter    : See release notes here: https://rd.gt/416ObMi
2026-01-22T12:17:35.804Z  INFO 14908 --- [           main] o.f.c.internal.license.VersionPrinter    :
2026-01-22T12:17:35.842Z  INFO 14908 --- [           main] org.flywaydb.core.FlywayExecutor         : Database: jdbc:postgresql://localhost:5432/posu_db (PostgreSQL 16.11)
2026-01-22T12:17:35.856Z  WARN 14908 --- [           main] o.f.c.internal.database.base.Database    : Flyway upgrade recommended: PostgreSQL 16.11 is newer than this version of Flyway and support has not been tested. The latest supported version of PostgreSQL is 15.
2026-01-22T12:17:35.896Z  INFO 14908 --- [           main] o.f.c.i.s.JdbcTableSchemaHistory         : Schema history table "public"."flyway_schema_history" does not exist yet
2026-01-22T12:17:35.905Z  INFO 14908 --- [           main] o.f.core.internal.command.DbValidate     : Successfully validated 18 migrations (execution time 00:00.034s)
2026-01-22T12:17:35.928Z  INFO 14908 --- [           main] o.f.c.i.s.JdbcTableSchemaHistory         : Creating Schema History table "public"."flyway_schema_history" ...
2026-01-22T12:17:35.992Z  INFO 14908 --- [           main] o.f.core.internal.command.DbMigrate      : Current version of schema "public": << Empty Schema >>
2026-01-22T12:17:36.005Z  INFO 14908 --- [           main] o.f.core.internal.command.DbMigrate      : Migrating schema "public" to version "1.0 - Create extension"
2026-01-22T12:17:36.056Z  INFO 14908 --- [           main] o.f.core.internal.command.DbMigrate      : Migrating schema "public" to version "1.1 - Create wallet type"
2026-01-22T12:17:36.061Z  INFO 14908 --- [           main] o.f.c.i.s.DefaultSqlScriptExecutor       : DB: type "wallet_type" does not exist, skipping
2026-01-22T12:17:36.093Z  INFO 14908 --- [           main] o.f.core.internal.command.DbMigrate      : Migrating schema "public" to version "1.2 - Create wallet table"
2026-01-22T12:17:36.137Z  INFO 14908 --- [           main] o.f.core.internal.command.DbMigrate      : Migrating schema "public" to version "1.3 - Create transaction type"
2026-01-22T12:17:36.139Z  INFO 14908 --- [           main] o.f.c.i.s.DefaultSqlScriptExecutor       : DB: type "transaction_type" does not exist, skipping
2026-01-22T12:17:36.162Z  INFO 14908 --- [           main] o.f.core.internal.command.DbMigrate      : Migrating schema "public" to version "1.4 - Create category table"
2026-01-22T12:17:36.194Z  INFO 14908 --- [           main] o.f.core.internal.command.DbMigrate      : Migrating schema "public" to version "1.5 - Create sub category table"
2026-01-22T12:17:36.225Z  INFO 14908 --- [           main] o.f.core.internal.command.DbMigrate      : Migrating schema "public" to version "1.6 - Create transaction"
2026-01-22T12:17:36.246Z  INFO 14908 --- [           main] o.f.core.internal.command.DbMigrate      : Migrating schema "public" to version "1.7 - Insert default category data"
2026-01-22T12:17:36.280Z  INFO 14908 --- [           main] o.f.core.internal.command.DbMigrate      : Migrating schema "public" to version "1.8 - Insert default sub category data"
2026-01-22T12:17:36.300Z  INFO 14908 --- [           main] o.f.core.internal.command.DbMigrate      : Migrating schema "public" to version "1.9 - Add reference to sub category"
2026-01-22T12:17:36.328Z  INFO 14908 --- [           main] o.f.core.internal.command.DbMigrate      : Migrating schema "public" to version "2.0 - Create label schema"
2026-01-22T12:17:36.361Z  INFO 14908 --- [           main] o.f.core.internal.command.DbMigrate      : Migrating schema "public" to version "2.1 - Drop category schema"
2026-01-22T12:17:36.386Z  INFO 14908 --- [           main] o.f.core.internal.command.DbMigrate      : Migrating schema "public" to version "3.0 - Create user table"
2026-01-22T12:17:36.413Z  INFO 14908 --- [           main] o.f.core.internal.command.DbMigrate      : Migrating schema "public" to version "3.1 - Delete ownerless wallets"
2026-01-22T12:17:36.438Z  INFO 14908 --- [           main] o.f.core.internal.command.DbMigrate      : Migrating schema "public" to version "3.2 - Convert ids to varchar"
2026-01-22T12:17:36.479Z  INFO 14908 --- [           main] o.f.core.internal.command.DbMigrate      : Migrating schema "public" to version "3.3 - Made references unique"
2026-01-22T12:17:36.492Z  INFO 14908 --- [           main] o.f.core.internal.command.DbMigrate      : Migrating schema "public" to version "3.4 - Add wallet reference to transaction"
2026-01-22T12:17:36.504Z  INFO 14908 --- [           main] o.f.core.internal.command.DbMigrate      : Migrating schema "public" to version "3.5 - Make references unique per user"
2026-01-22T12:17:36.520Z  INFO 14908 --- [           main] o.f.core.internal.command.DbMigrate      : Successfully applied 18 migrations to schema "public", now at version v3.5 (execution time 00:00.219s)
2026-01-22T12:17:36.723Z  INFO 14908 --- [           main] o.hibernate.jpa.internal.util.LogHelper  : HHH000204: Processing PersistenceUnitInfo [name: default]
2026-01-22T12:17:36.832Z  INFO 14908 --- [           main] org.hibernate.Version                    : HHH000412: Hibernate ORM core version 6.4.1.Final
2026-01-22T12:17:36.893Z  INFO 14908 --- [           main] o.h.c.internal.RegionFactoryInitiator    : HHH000026: Second-level cache disabled
2026-01-22T12:17:37.437Z  INFO 14908 --- [           main] o.s.o.j.p.SpringPersistenceUnitInfo      : No LoadTimeWeaver setup: ignoring JPA class transformer
2026-01-22T12:17:39.417Z  INFO 14908 --- [           main] o.h.e.t.j.p.i.JtaPlatformInitiator       : HHH000489: No JTA platform available (set 'hibernate.transaction.jta.platform' to enable JTA platform integration)
2026-01-22T12:17:39.423Z  INFO 14908 --- [           main] j.LocalContainerEntityManagerFactoryBean : Initialized JPA EntityManagerFactory for persistence unit 'default'
2026-01-22T12:17:41.256Z  WARN 14908 --- [           main] JpaBaseConfiguration$JpaWebConfiguration : spring.jpa.open-in-view is enabled by default. Therefore, database queries may be performed during view rendering. Explicitly configure spring.jpa.open-in-view to disable this warning
2026-01-22T12:17:41.306Z  WARN 14908 --- [           main] .s.s.UserDetailsServiceAutoConfiguration :

Using generated security password: d8e31a36-44b1-42e8-9c28-e9fad84dfb08

This generated password is for development use only. Your security configuration must be updated before running your application in production.

2026-01-22T12:17:41.671Z  INFO 14908 --- [           main] o.s.s.web.DefaultSecurityFilterChain     : Will secure any request with [org.springframework.security.web.session.DisableEncodeUrlFilter@511ba9c9, org.springframework.security.web.context.request.async.WebAsyncManagerIntegrationFilter@3debeb5e, org.springframework.security.web.context.SecurityContextHolderFilter@46aa5294, org.springframework.security.web.header.HeaderWriterFilter@2898cd46, org.springframework.web.filter.CorsFilter@5297030e, org.springframework.security.web.authentication.logout.LogoutFilter@3c2d4274, vendredi.soir.posu.endpoint.rest.security.ApiKeyAuthenticationFilter@7fcc8d9f, org.springframework.security.web.savedrequest.RequestCacheAwareFilter@70a81b4e, org.springframework.security.web.servletapi.SecurityContextHolderAwareRequestFilter@48c56b42, org.springframework.security.web.authentication.AnonymousAuthenticationFilter@7315264e, org.springframework.security.web.access.ExceptionTranslationFilter@51617b93, org.springframework.security.web.access.intercept.AuthorizationFilter@5037f491]
2026-01-22T12:17:42.572Z  INFO 14908 --- [           main] o.s.b.w.embedded.tomcat.TomcatWebServer  : Tomcat started on port 8080 (http) with context path ''
2026-01-22T12:17:42.591Z  INFO 14908 --- [           main] vendredi.soir.posu.PojaApplication       : Started PojaApplication in 11.487 seconds (process running for 12.393)
2026-01-22T12:18:08.292Z  INFO 14908 --- [nio-8080-exec-1] o.a.c.c.C.[Tomcat].[localhost].[/]       : Initializing Spring DispatcherServlet 'dispatcherServlet'
2026-01-22T12:18:08.292Z  INFO 14908 --- [nio-8080-exec-1] o.s.web.servlet.DispatcherServlet        : Initializing Servlet 'dispatcherServlet'
2026-01-22T12:18:08.295Z  INFO 14908 --- [nio-8080-exec-1] o.s.web.servlet.DispatcherServlet        : Completed initialization in 2 ms
2026-01-22T12:19:02.058Z  INFO 14908 --- [nio-8080-exec-7] v.soir.posu.concurrency.ThreadRenamer    : renaming http-nio-8080-exec-7#40 thread to f-60e76d
2026-01-22T12:19:02.059Z  INFO 14908 --- [       f-60e76d] .e.RequestLoggerConfigurer$RequestLogger : preHandle: method=POST, uri=/register, parameters=[], handler=vendredi.soir.posu.endpoint.rest.controller.UserController#register(RegisterRequest), oldThreadName=http-nio-8080-exec-7
2026-01-22T12:19:02.799Z  INFO 14908 --- [       f-60e76d] .e.RequestLoggerConfigurer$RequestLogger : afterCompletion: status=200, duration=742ms
2026-01-22T12:19:02.799Z  INFO 14908 --- [       f-60e76d] v.soir.posu.concurrency.ThreadRenamer    : renaming f-60e76d#40 thread to http-nio-8080-exec-7
2026-01-22T12:19:18.952Z  INFO 14908 --- [nio-8080-exec-8] v.soir.posu.concurrency.ThreadRenamer    : renaming http-nio-8080-exec-8#41 thread to f-d1164d
2026-01-22T12:19:18.952Z  INFO 14908 --- [       f-d1164d] .e.RequestLoggerConfigurer$RequestLogger : preHandle: method=POST, uri=/label, parameters=[], handler=vendredi.soir.posu.endpoint.rest.controller.LabelController#createLabels(List), oldThreadName=http-nio-8080-exec-8
2026-01-22T12:19:18.991Z  INFO 14908 --- [       f-d1164d] .e.RequestLoggerConfigurer$RequestLogger : afterCompletion: status=201, duration=39ms
2026-01-22T12:19:18.992Z  INFO 14908 --- [       f-d1164d] v.soir.posu.concurrency.ThreadRenamer    : renaming f-d1164d#41 thread to http-nio-8080-exec-8
2026-01-22T12:19:28.094Z  INFO 14908 --- [io-8080-exec-10] v.soir.posu.concurrency.ThreadRenamer    : renaming http-nio-8080-exec-10#43 thread to f-c2fdc5
2026-01-22T12:19:28.095Z  INFO 14908 --- [       f-c2fdc5] .e.RequestLoggerConfigurer$RequestLogger : preHandle: method=POST, uri=/register, parameters=[], handler=vendredi.soir.posu.endpoint.rest.controller.UserController#register(RegisterRequest), oldThreadName=http-nio-8080-exec-10
2026-01-22T12:19:28.201Z  INFO 14908 --- [       f-c2fdc5] .e.RequestLoggerConfigurer$RequestLogger : afterCompletion: status=200, duration=107ms
2026-01-22T12:19:28.201Z  INFO 14908 --- [       f-c2fdc5] v.soir.posu.concurrency.ThreadRenamer    : renaming f-c2fdc5#43 thread to http-nio-8080-exec-10
2026-01-22T12:19:38.780Z  INFO 14908 --- [nio-8080-exec-2] v.soir.posu.concurrency.ThreadRenamer    : renaming http-nio-8080-exec-2#35 thread to f-b0e22c
2026-01-22T12:19:38.781Z  INFO 14908 --- [       f-b0e22c] .e.RequestLoggerConfigurer$RequestLogger : preHandle: method=POST, uri=/label, parameters=[], handler=vendredi.soir.posu.endpoint.rest.controller.LabelController#createLabels(List), oldThreadName=http-nio-8080-exec-2
2026-01-22T12:19:38.789Z  INFO 14908 --- [       f-b0e22c] .e.RequestLoggerConfigurer$RequestLogger : afterCompletion: status=201, duration=9ms
2026-01-22T12:19:38.790Z  INFO 14908 --- [       f-b0e22c] v.soir.posu.concurrency.ThreadRenamer    : renaming f-b0e22c#35 thread to http-nio-8080-exec-2
2026-01-22T12:19:47.483Z  INFO 14908 --- [nio-8080-exec-4] v.soir.posu.concurrency.ThreadRenamer    : renaming http-nio-8080-exec-4#37 thread to f-68ec51
2026-01-22T12:19:47.483Z  INFO 14908 --- [       f-68ec51] .e.RequestLoggerConfigurer$RequestLogger : preHandle: method=POST, uri=/label, parameters=[], handler=vendredi.soir.posu.endpoint.rest.controller.LabelController#createLabels(List), oldThreadName=http-nio-8080-exec-4
2026-01-22T12:19:47.494Z  INFO 14908 --- [       f-68ec51] .e.RequestLoggerConfigurer$RequestLogger : afterCompletion: status=400, duration=11ms
2026-01-22T12:19:47.494Z  INFO 14908 --- [       f-68ec51] v.soir.posu.concurrency.ThreadRenamer    : renaming f-68ec51#37 thread to http-nio-8080-exec-4
2026-01-22T12:19:53.530Z  INFO 14908 --- [nio-8080-exec-6] v.soir.posu.concurrency.ThreadRenamer    : renaming http-nio-8080-exec-6#39 thread to f-5a2fea
2026-01-22T12:19:53.530Z  INFO 14908 --- [       f-5a2fea] .e.RequestLoggerConfigurer$RequestLogger : preHandle: method=GET, uri=/wallet, parameters=[], handler=vendredi.soir.posu.endpoint.rest.controller.WalletController#getAllWallet(), oldThreadName=http-nio-8080-exec-6
2026-01-22T12:19:53.553Z  INFO 14908 --- [       f-5a2fea] .e.RequestLoggerConfigurer$RequestLogger : afterCompletion: status=200, duration=23ms
2026-01-22T12:19:53.553Z  INFO 14908 --- [       f-5a2fea] v.soir.posu.concurrency.ThreadRenamer    : renaming f-5a2fea#39 thread to http-nio-8080-exec-6
2026-01-22T12:20:01.999Z  INFO 14908 --- [nio-8080-exec-7] v.soir.posu.concurrency.ThreadRenamer    : renaming http-nio-8080-exec-7#40 thread to f-75deeb
2026-01-22T12:20:02.000Z  INFO 14908 --- [       f-75deeb] .e.RequestLoggerConfigurer$RequestLogger : preHandle: method=POST, uri=/wallet, parameters=[], handler=vendredi.soir.posu.endpoint.rest.controller.WalletController#createWallet(List), oldThreadName=http-nio-8080-exec-7
2026-01-22T12:20:02.022Z  INFO 14908 --- [       f-75deeb] .e.RequestLoggerConfigurer$RequestLogger : afterCompletion: status=201, duration=23ms
2026-01-22T12:20:02.022Z  INFO 14908 --- [       f-75deeb] v.soir.posu.concurrency.ThreadRenamer    : renaming f-75deeb#40 thread to http-nio-8080-exec-7
2026-01-22T12:20:12.959Z  INFO 14908 --- [nio-8080-exec-8] v.soir.posu.concurrency.ThreadRenamer    : renaming http-nio-8080-exec-8#41 thread to f-543f7d
2026-01-22T12:20:12.960Z  INFO 14908 --- [       f-543f7d] .e.RequestLoggerConfigurer$RequestLogger : preHandle: method=POST, uri=/wallet, parameters=[], handler=vendredi.soir.posu.endpoint.rest.controller.WalletController#createWallet(List), oldThreadName=http-nio-8080-exec-8
2026-01-22T12:20:12.969Z  INFO 14908 --- [       f-543f7d] .e.RequestLoggerConfigurer$RequestLogger : afterCompletion: status=201, duration=10ms
2026-01-22T12:20:12.969Z  INFO 14908 --- [       f-543f7d] v.soir.posu.concurrency.ThreadRenamer    : renaming f-543f7d#41 thread to http-nio-8080-exec-8
2026-01-22T12:20:22.521Z  INFO 14908 --- [ionShutdownHook] j.LocalContainerEntityManagerFactoryBean : Closing JPA EntityManagerFactory for persistence unit 'default'
2026-01-22T12:20:22.524Z  INFO 14908 --- [ionShutdownHook] com.zaxxer.hikari.HikariDataSource       : HikariPool-1 - Shutdown initiated...
2026-01-22T12:20:22.551Z  INFO 14908 --- [ionShutdownHook] com.zaxxer.hikari.HikariDataSource       : HikariPool-1 - Shutdown completed.
